=== shutdown diagnostic @ SIGTERM ===
--- date ---
2026-07-02T04:37:18Z
--- ps auxf (top 60 by cpu) ---
USER         PID %CPU %MEM    VSZ   RSS TTY      STAT START   TIME COMMAND
root           2  0.0  0.0      0     0 ?        S     5월27   0:01 [kthreadd]
root         634  0.0  0.0      0     0 ?        S     5월27  27:30  \_ [irq/50-iwlwifi]
root           1  0.0  0.1  22948 13868 ?        Ss    5월27  24:59 /usr/lib/systemd/systemd --system --deserialize=38
root     1625527 11.1  0.0   2800  1932 ?        Ss   04:37   0:00 /bin/sh /usr/bin/finalrd
--- pstree of self ---
python3,17491,khmo31 -m hermes_cli.main --profile coder gateway run --replace
  |-timeout,1625604 5 bash -c echo '=== shutdown diagnostic @ SIGTERM ==='; echo '--- date ---'; date -u +%Y-%m-%dT%H:%M:%SZ; echo '--- ps auxf (top 60 by cpu) ---'; ps auxf --sort=-pcpu 2>/dev/null | head -60; echo '--- pstree of self ---'; pstree -plau 17491 2>/dev/null | head -40 || true; echo '--- /proc/loadavg ---'; cat /proc/loadavg 2>/dev/null || true; echo '--- recent dmesg (oom/killed) ---'; dmesg -T 2>/dev/null | tail -20 || journalctl --user -n 20 --no-pager 2>/dev/null | tail -20 || true; echo '=== end ==='
  |   `-bash,1625609 -c echo '=== shutdown diagnostic @ SIGTERM ==='; echo '--- date ---'; date -u +%Y-%m-%dT%H:%M:%SZ; echo '--- ps auxf (top 60 by cpu) ---'; ps auxf --sort=-pcpu 2>/dev/null | head -60; echo '--- pstree of self ---'; pstree -plau 17491 2>/dev/null | head -40 || true; echo '--- /proc/loadavg ---'; cat /proc/loadavg 2>/dev/null || true; echo '--- recent dmesg (oom/killed) ---'; dmesg -T 2>/dev/null | tail -20 || journalctl --user -n 20 --no-pager 2>/dev/null | tail -20 || true; echo '=== end ==='
  |       |-head,1625688 -40
  |       `-pstree,1625687 -plau 17491
  |-{python3},17499
  |-{python3},17501
  |-{python3},17521
  |-{python3},78731
  |-{python3},140308
  |-{python3},154283
  |-{python3},167170
  |-{python3},200826
  `-{python3},217341
--- /proc/loadavg ---
0.28 0.16 0.05 21/358 1625698
--- recent dmesg (oom/killed) ---
=== end ===
