=== shutdown diagnostic @ SIGTERM ===
--- date ---
2026-07-02T04:37:18Z
--- ps auxf (top 60 by cpu) ---
USER         PID %CPU %MEM    VSZ   RSS TTY      STAT START   TIME COMMAND
root           2  0.0  0.0      0     0 ?        S     5월27   0:01 [kthreadd]
root         634  0.0  0.0      0     0 ?        S     5월27  27:30  \_ [irq/50-iwlwifi]
root           1  0.0  0.1  22948 13868 ?        Ss    5월27  24:59 /usr/lib/systemd/systemd --system --deserialize=38
root     1625533 11.4  0.0   3064  2284 ?        Ss   04:37   0:00 /bin/sh /usr/sbin/tlp init stop
root     1625527 10.2  0.0   2800  1932 ?        Ss   04:37   0:00 /bin/sh /usr/bin/finalrd
--- pstree of self ---
python3,17504,khmo31 -m hermes_cli.main --profile researcher gateway run --replace
  |-timeout,1625602 5 bash -c echo '=== shutdown diagnostic @ SIGTERM ==='; echo '--- date ---'; date -u +%Y-%m-%dT%H:%M:%SZ; echo '--- ps auxf (top 60 by cpu) ---'; ps auxf --sort=-pcpu 2>/dev/null | head -60; echo '--- pstree of self ---'; pstree -plau 17504 2>/dev/null | head -40 || true; echo '--- /proc/loadavg ---'; cat /proc/loadavg 2>/dev/null || true; echo '--- recent dmesg (oom/killed) ---'; dmesg -T 2>/dev/null | tail -20 || journalctl --user -n 20 --no-pager 2>/dev/null | tail -20 || true; echo '=== end ==='
  |   `-bash,1625603 -c echo '=== shutdown diagnostic @ SIGTERM ==='; echo '--- date ---'; date -u +%Y-%m-%dT%H:%M:%SZ; echo '--- ps auxf (top 60 by cpu) ---'; ps auxf --sort=-pcpu 2>/dev/null | head -60; echo '--- pstree of self ---'; pstree -plau 17504 2>/dev/null | head -40 || true; echo '--- /proc/loadavg ---'; cat /proc/loadavg 2>/dev/null || true; echo '--- recent dmesg (oom/killed) ---'; dmesg -T 2>/dev/null | tail -20 || journalctl --user -n 20 --no-pager 2>/dev/null | tail -20 || true; echo '=== end ==='
  |       |-head,1625645 -40
  |       `-pstree,1625644 -plau 17504
  |-{python3},17514
  |-{python3},17516
  |-{python3},17727
  |-{python3},37610
  |-{python3},111332
  |-{python3},142627
  |-{python3},185645
  |-{python3},207268
  `-{python3},273121
--- /proc/loadavg ---
0.28 0.16 0.05 20/356 1625703
--- recent dmesg (oom/killed) ---
=== end ===
